python : test_apply_s
cheme_hindi (voice.te
st_intent_parser.Test
IntentParser.test_app
ly_scheme_hindi) ... 
FAIL
At line:1 char:1
+ python -m unittest 
-v voice.test_intent_
parser > 
test_output.txt 2>&1
+ ~~~~~~~~~~~~~~~~~~~
~~~~~~~~~~~~~~~~~~~~~
~~~~~~~~~~~~~~~~~~~~~
~~~~~~~~
    + CategoryInfo   
           : NotSpe  
  cified: (test_ap   
 ply_sche...hindi    
) ... FAIL:Strin    
g) [], RemoteExc    
eption
    + FullyQualified 
   ErrorId : Native  
  CommandError
 
test_check_status_eng
lish (voice.test_inte
nt_parser.TestIntentP
arser.test_check_stat
us_english) ... ok
test_show_schemes_hin
di (voice.test_intent
_parser.TestIntentPar
ser.test_show_schemes
_hindi) ... ok
test_show_schemes_mar
athi (voice.test_inte
nt_parser.TestIntentP
arser.test_show_schem
es_marathi) ... ok

=====================
=====================
=====================
=======
FAIL: test_apply_sche
me_hindi (voice.test_
intent_parser.TestInt
entParser.test_apply_
scheme_hindi)
---------------------
---------------------
---------------------
-------
Traceback (most 
recent call last):
  File "D:\Hackathons
\Aiisms\backend\voice
\test_intent_parser.p
y", line 19, in test_
apply_scheme_hindi
    self.assertEqual(
parsed.entities.get('
scheme_mention'), '\u
092a\u094d\u0930\u092
7\u093e\u0928\u092e\u
0902\u0924\u094d\u093
0\u0940 \u0915\u093f\
u0938\u093e\u0928')
AssertionError: None 
!= '\u092a\u094d\u093
0\u0927\u093e\u0928\u
092e\u0902\u0924\u094
d\u0930\u0940 \u0915\
u093f\u0938\u093e\u09
28'

---------------------
---------------------
---------------------
-------
Ran 4 tests in 0.003s

FAILED (failures=1)
